#############################################
#####   TCCM DISTANCE UNIT 2021      ########
#####   Debugging info for sample inputs ####
#############################################

Atomic coordinates (in Angstrom)
H      1    0.000000    0.000000    0.000000
H      1    0.000000    0.000000    0.740800
Atomic coordinates (in Bohr)
H      1    0.000000    0.000000    0.000000
H      1    0.000000    0.000000    1.399909
 Nuclear Repulsion Energy:
          0.714332
 Inverse Square Root of Overlap Matrix S^-1/2:
   1      1.293578     -0.501560     -0.194707      0.075354
   2     -0.501560      1.990935      0.075354     -1.037863
   3     -0.194707      0.075354      1.293578     -0.501560
   4      0.075354     -1.037863     -0.501560      1.990935
 Core Hamiltonian:
   1     -0.959975     -0.920918     -0.807736     -0.778593
   2     -0.920918     -0.926935     -0.778593     -0.854540
   3     -0.807736     -0.778593     -0.959975     -0.920918
   4     -0.778593     -0.854540     -0.920918     -0.926935
 Core Hamiltonian in Orthogonal BAsis:
   1     -0.491567     -0.484400     -0.374669     -0.052680
   2     -0.484400     -0.388004     -0.052680     -0.170601
   3     -0.374669     -0.052680     -0.491567     -0.484400
   4     -0.052680     -0.170601     -0.484400     -0.388004
 Eigenvalues of the core hamiltonian:
   1 -    4     -1.271093     -0.601785     -0.153748      0.267484
 At first SCF cycle, electronic energy:
         -1.788479
 At first SCF cycle, total energy:
         -1.074147
SCF Procedure converged after cycles :        7
 Final electronic energy:
         -1.841076
 Final total energy:
         -1.126743
 Converged orbital eigenvalues:
   1 -    4     -0.595574      0.238259      0.775110      1.403357
 Converged orbital coefficients (orbital by orbital):
   1     -0.326805     -0.272006     -0.326805     -0.272006
   2      0.122806      1.712872     -0.122806     -1.712872
   3     -0.766670      0.686302     -0.766670      0.686302
   4     -1.121976      1.348812      1.121976     -1.348812
 Final Fock matrix:
   1     -0.036725     -0.506387     -0.558918     -0.513888
   2     -0.506387     -0.338265     -0.513888     -0.375110
   3     -0.558918     -0.513888     -0.036725     -0.506387
   4     -0.513888     -0.375110     -0.506387     -0.338265
 Final Fock matrix in orthogonal basis:
   1      0.631439     -0.580781     -0.524594     -0.104348
   2     -0.580781      0.279137     -0.104348     -0.206447
   3     -0.524594     -0.104348      0.631439     -0.580781
   4     -0.104348     -0.206447     -0.580781      0.279137
 Final density matrix:
   1      0.106802      0.088893      0.106802      0.088893
   2      0.088893      0.073987      0.088893      0.073987
   3      0.106802      0.088893      0.106802      0.088893
   4      0.088893      0.073987      0.088893      0.073987
