#############################################
#####   TCCM DISTANCE UNIT 2021      ########
#####   Debugging info for sample inputs ####
#############################################

Atomic coordinates (in Angstrom)
H      1    0.000000    0.000000    0.000000
H      1    0.000000    0.000000    0.740800
H      1    2.000000    0.000000    0.000000
H      1    2.000000    0.000000    0.740800
Atomic coordinates (in Bohr)
H      1    0.000000    0.000000    0.000000
H      1    0.000000    0.000000    1.399909
H      1    3.779452    0.000000    0.000000
H      1    3.779452    0.000000    1.399909
 Nuclear Repulsion Energy:
          2.454072
 Inverse Square Root of Overlap Matrix S^-1/2:
   1      1.248856     -0.467620     -0.055303      0.004547
   2     -0.467620      1.248856      0.004547     -0.055303
   3     -0.055303      0.004547      1.248856     -0.467620
   4      0.004547     -0.055303     -0.467620      1.248856
 Core Hamiltonian:
   1     -1.632999     -1.300379     -0.242346     -0.201827
   2     -1.300379     -1.632999     -0.201827     -0.242346
   3     -0.242346     -0.201827     -1.632999     -1.300379
   4     -0.201827     -0.242346     -1.300379     -1.632999
 Core Hamiltonian in Orthogonal BAsis:
   1     -1.367762     -0.394901     -0.045395      0.005791
   2     -0.394901     -1.367762      0.005791     -0.045395
   3     -0.045395      0.005791     -1.367762     -0.394901
   4      0.005791     -0.045395     -0.394901     -1.367762
 Eigenvalues of the core hamiltonian:
   1 -    4     -1.802268     -1.723059     -1.024047     -0.921675
 At first SCF cycle, electronic energy:
         -4.673799
 At first SCF cycle, total energy:
         -2.219727
SCF Procedure converged after cycles :        2
 Final electronic energy:
         -4.673799
 Final total energy:
         -2.219727
 Converged orbital eigenvalues:
   1 -    4     -0.621181     -0.527291      0.610719      0.742312
 Converged orbital coefficients (orbital by orbital):
   1      0.365240      0.365240      0.365240      0.365240
   2      0.415997      0.415997     -0.415997     -0.415997
   3     -0.828313      0.828313     -0.828313      0.828313
   4      0.888163     -0.888163     -0.888163      0.888163
 Final Fock matrix:
   1     -0.367022     -0.595916     -0.103776     -0.097414
   2     -0.595916     -0.367022     -0.097414     -0.103776
   3     -0.103776     -0.097414     -0.367022     -0.595916
   4     -0.097414     -0.103776     -0.595916     -0.367022
 Final Fock matrix in orthogonal basis:
   1      0.051140     -0.625376     -0.056371      0.009426
   2     -0.625376      0.051140      0.009426     -0.056371
   3     -0.056371      0.009426      0.051140     -0.625376
   4      0.009426     -0.056371     -0.625376      0.051140
 Final density matrix:
   1      0.306454      0.306454     -0.039653     -0.039653
   2      0.306454      0.306454     -0.039653     -0.039653
   3     -0.039653     -0.039653      0.306454      0.306454
   4     -0.039653     -0.039653      0.306454      0.306454
