#############################################
#####   TCCM DISTANCE UNIT 2021      ########
#####   Debugging info for sample inputs ####
#############################################

Atomic coordinates (in Angstrom)
H      1    0.000000    0.000000    0.000000
H      1    0.000000    0.000000    0.740800
H      1    2.000000    0.000000    0.000000
H      1    2.000000    0.000000    0.740800
Atomic coordinates (in Bohr)
H      1    0.000000    0.000000    0.000000
H      1    0.000000    0.000000    1.399909
H      1    3.779452    0.000000    0.000000
H      1    3.779452    0.000000    1.399909
 Nuclear Repulsion Energy:
          2.454072
 Inverse Square Root of Overlap Matrix S^-1/2:
   1 //    1 -    7      1.300060     -0.521193     -0.190932      0.073131      0.001168      0.047829     -0.002224
   1 //    8 -    8      0.004178
   2 //    1 -    7     -0.521193      2.092060      0.073131     -1.081703      0.047829     -0.364968      0.004178
   2 //    8 -    8      0.176060
   3 //    1 -    7     -0.190932      0.073131      1.300060     -0.521193     -0.002224      0.004178      0.001168
   3 //    8 -    8      0.047829
   4 //    1 -    7      0.073131     -1.081703     -0.521193      2.092060      0.004178      0.176060      0.047829
   4 //    8 -    8     -0.364968
   5 //    1 -    7      0.001168      0.047829     -0.002224      0.004178      1.300060     -0.521193     -0.190932
   5 //    8 -    8      0.073131
   6 //    1 -    7      0.047829     -0.364968      0.004178      0.176060     -0.521193      2.092060      0.073131
   6 //    8 -    8     -1.081703
   7 //    1 -    7     -0.002224      0.004178      0.001168      0.047829     -0.190932      0.073131      1.300060
   7 //    8 -    8     -0.521193
   8 //    1 -    7      0.004178      0.176060      0.047829     -0.364968      0.073131     -1.081703     -0.521193
   8 //    8 -    8      2.092060
 Core Hamiltonian:
   1 //    1 -    7     -1.472679     -1.258427     -1.043957     -1.041738     -0.027869     -0.232046     -0.016455
   1 //    8 -    8     -0.189558
   2 //    1 -    7     -1.258427     -1.438704     -1.041738     -1.297912     -0.232046     -0.526515     -0.189558
   2 //    8 -    8     -0.470824
   3 //    1 -    7     -1.043957     -1.041738     -1.472679     -1.258427     -0.016455     -0.189558     -0.027869
   3 //    8 -    8     -0.232046
   4 //    1 -    7     -1.041738     -1.297912     -1.258427     -1.438704     -0.189558     -0.470824     -0.232046
   4 //    8 -    8     -0.526515
   5 //    1 -    7     -0.027869     -0.232046     -0.016455     -0.189558     -1.472679     -1.258427     -1.043957
   5 //    8 -    8     -1.041738
   6 //    1 -    7     -0.232046     -0.526515     -0.189558     -0.470824     -1.258427     -1.438704     -1.041738
   6 //    8 -    8     -1.297912
   7 //    1 -    7     -0.016455     -0.189558     -0.027869     -0.232046     -1.043957     -1.041738     -1.472679
   7 //    8 -    8     -1.258427
   8 //    1 -    7     -0.189558     -0.470824     -0.232046     -0.526515     -1.041738     -1.297912     -1.258427
   8 //    8 -    8     -1.438704
 Core Hamiltonian in Orthogonal BAsis:
   1 //    1 -    7     -0.995204     -0.501997     -0.373508     -0.058470      0.016657     -0.006445      0.010884
   1 //    8 -    8      0.001254
   2 //    1 -    7     -0.501997     -0.819808     -0.058470     -0.188617     -0.006445     -0.127276      0.001254
   2 //    8 -    8     -0.014609
   3 //    1 -    7     -0.373508     -0.058470     -0.995204     -0.501997      0.010884      0.001254      0.016657
   3 //    8 -    8     -0.006445
   4 //    1 -    7     -0.058470     -0.188617     -0.501997     -0.819808      0.001254     -0.014609     -0.006445
   4 //    8 -    8     -0.127276
   5 //    1 -    7      0.016657     -0.006445      0.010884      0.001254     -0.995204     -0.501997     -0.373508
   5 //    8 -    8     -0.058470
   6 //    1 -    7     -0.006445     -0.127276      0.001254     -0.014609     -0.501997     -0.819808     -0.058470
   6 //    8 -    8     -0.188617
   7 //    1 -    7      0.010884      0.001254      0.016657     -0.006445     -0.373508     -0.058470     -0.995204
   7 //    8 -    8     -0.501997
   8 //    1 -    7      0.001254     -0.014609     -0.006445     -0.127276     -0.058470     -0.188617     -0.501997
   8 //    8 -    8     -0.819808
 Eigenvalues of the core hamiltonian:
   1 -    7     -1.819393     -1.746605     -1.135628     -1.012213     -0.672089     -0.516189     -0.224153
   8 -    8     -0.133778
 At first SCF cycle, electronic energy:
         -4.578698
 At first SCF cycle, total energy:
         -2.124626
SCF Procedure converged after cycles :        7
 Final electronic energy:
         -4.694353
 Final total energy:
         -2.240281
 Converged orbital eigenvalues:
   1 -    7     -0.640688     -0.546932      0.190350      0.310659      0.793753      0.822951      1.407102
   8 -    8      1.437963
 Converged orbital coefficients (orbital by orbital):
   1 //    1 -    7      0.221466      0.174342      0.221466      0.174342      0.221466      0.174342      0.221466
   1 //    8 -    8      0.174342
   2 //    1 -    7      0.242914      0.217941      0.242914      0.217941     -0.242914     -0.217941     -0.242914
   2 //    8 -    8     -0.217941
   3 //    1 -    7      0.085832      1.056424     -0.085832     -1.056424      0.085832      1.056424     -0.085832
   3 //    8 -    8     -1.056424
   4 //    1 -    7     -0.095994     -1.448541      0.095994      1.448541      0.095994      1.448541     -0.095994
   4 //    8 -    8     -1.448541
   5 //    1 -    7     -0.545090      0.421325     -0.545090      0.421325     -0.545090      0.421325     -0.545090
   5 //    8 -    8      0.421325
   6 //    1 -    7      0.558245     -0.612028      0.558245     -0.612028     -0.558245      0.612028     -0.558245
   6 //    8 -    8      0.612028
   7 //    1 -    7     -0.791669      0.832227      0.791669     -0.832227     -0.791669      0.832227      0.791669
   7 //    8 -    8     -0.832227
   8 //    1 -    7      0.803603     -1.205570     -0.803603      1.205570     -0.803603      1.205570      0.803603
   8 //    8 -    8     -1.205570
 Final Fock matrix:
   1 //    1 -    7     -0.038184     -0.506632     -0.561130     -0.514011     -0.019364     -0.120199     -0.012837
   1 //    8 -    8     -0.112159
   2 //    1 -    7     -0.506632     -0.353055     -0.514011     -0.389047     -0.120199     -0.160901     -0.112159
   2 //    8 -    8     -0.164248
   3 //    1 -    7     -0.561130     -0.514011     -0.038184     -0.506632     -0.012837     -0.112159     -0.019364
   3 //    8 -    8     -0.120199
   4 //    1 -    7     -0.514011     -0.389047     -0.506632     -0.353055     -0.112159     -0.164248     -0.120199
   4 //    8 -    8     -0.160901
   5 //    1 -    7     -0.019364     -0.120199     -0.012837     -0.112159     -0.038184     -0.506632     -0.561130
   5 //    8 -    8     -0.514011
   6 //    1 -    7     -0.120199     -0.160901     -0.112159     -0.164248     -0.506632     -0.353055     -0.514011
   6 //    8 -    8     -0.389047
   7 //    1 -    7     -0.012837     -0.112159     -0.019364     -0.120199     -0.561130     -0.514011     -0.038184
   7 //    8 -    8     -0.506632
   8 //    1 -    7     -0.112159     -0.164248     -0.120199     -0.160901     -0.514011     -0.389047     -0.506632
   8 //    8 -    8     -0.353055
 Final Fock matrix in orthogonal basis:
   1 //    1 -    7      0.637748     -0.591907     -0.523247     -0.105318      0.023879     -0.006840      0.018602
   1 //    8 -    8     -0.008629
   2 //    1 -    7     -0.591907      0.306041     -0.105318     -0.206000     -0.006840     -0.092410     -0.008629
   2 //    8 -    8     -0.011547
   3 //    1 -    7     -0.523247     -0.105318      0.637748     -0.591907      0.018602     -0.008629      0.023879
   3 //    8 -    8     -0.006840
   4 //    1 -    7     -0.105318     -0.206000     -0.591907      0.306041     -0.008629     -0.011547     -0.006840
   4 //    8 -    8     -0.092410
   5 //    1 -    7      0.023879     -0.006840      0.018602     -0.008629      0.637748     -0.591907     -0.523247
   5 //    8 -    8     -0.105318
   6 //    1 -    7     -0.006840     -0.092410     -0.008629     -0.011547     -0.591907      0.306041     -0.105318
   6 //    8 -    8     -0.206000
   7 //    1 -    7      0.018602     -0.008629      0.023879     -0.006840     -0.523247     -0.105318      0.637748
   7 //    8 -    8     -0.591907
   8 //    1 -    7     -0.008629     -0.011547     -0.006840     -0.092410     -0.105318     -0.206000     -0.591907
   8 //    8 -    8      0.306041
 Final density matrix:
   1 //    1 -    7      0.108054      0.091552      0.108054      0.091552     -0.009960     -0.014330     -0.009960
   1 //    8 -    8     -0.014330
   2 //    1 -    7      0.091552      0.077893      0.091552      0.077893     -0.014330     -0.017103     -0.014330
   2 //    8 -    8     -0.017103
   3 //    1 -    7      0.108054      0.091552      0.108054      0.091552     -0.009960     -0.014330     -0.009960
   3 //    8 -    8     -0.014330
   4 //    1 -    7      0.091552      0.077893      0.091552      0.077893     -0.014330     -0.017103     -0.014330
   4 //    8 -    8     -0.017103
   5 //    1 -    7     -0.009960     -0.014330     -0.009960     -0.014330      0.108054      0.091552      0.108054
   5 //    8 -    8      0.091552
   6 //    1 -    7     -0.014330     -0.017103     -0.014330     -0.017103      0.091552      0.077893      0.091552
   6 //    8 -    8      0.077893
   7 //    1 -    7     -0.009960     -0.014330     -0.009960     -0.014330      0.108054      0.091552      0.108054
   7 //    8 -    8      0.091552
   8 //    1 -    7     -0.014330     -0.017103     -0.014330     -0.017103      0.091552      0.077893      0.091552
   8 //    8 -    8      0.077893
