#############################################
#####   TCCM DISTANCE UNIT 2021      ########
#####   Debugging info for sample inputs ####
#############################################

Atomic coordinates (in Angstrom)
He     2    0.000000    0.000000    0.000000
H      1    0.000000    0.000000    0.900000
Atomic coordinates (in Bohr)
He     2    0.000000    0.000000    0.000000
H      1    0.000000    0.000000    1.700754
 Nuclear Repulsion Energy:
          1.175949
 Inverse Square Root of Overlap Matrix S^-1/2:
   1      1.235124     -0.499269     -0.015302      0.075175
   2     -0.499269      1.590992     -0.081043     -0.547578
   3     -0.015302     -0.081043      1.252347     -0.436046
   4      0.075175     -0.547578     -0.436046      1.516246
 Core Hamiltonian:
   1     -2.467545     -1.918342     -0.760956     -0.988498
   2     -1.918342     -1.845918     -1.025665     -1.269744
   3     -0.760956     -1.025665     -1.428438     -1.235182
   4     -0.988498     -1.269744     -1.235182     -1.372702
 Core Hamiltonian in Orthogonal BAsis:
   1     -1.938933     -0.947570     -0.175218     -0.125687
   2     -0.947570     -0.895763     -0.165603     -0.256813
   3     -0.175218     -0.165603     -1.035337     -0.477571
   4     -0.125687     -0.256813     -0.477571     -0.760458
 Eigenvalues of the core hamiltonian:
   1 -    4     -2.592567     -1.320696     -0.460841     -0.256387
 At first SCF cycle, electronic energy:
         -3.958099
 At first SCF cycle, total energy:
         -2.782150
SCF Procedure converged after cycles :        8
 Final electronic energy:
         -4.079241
 Final total energy:
         -2.903292
 Converged orbital eigenvalues:
   1 -    4     -1.543168     -0.321894      0.460321      1.062777
 Converged orbital coefficients (orbital by orbital):
   1     -0.596967     -0.406458     -0.187399     -0.016363
   2     -0.246889     -0.632878      0.399643      0.963699
   3      0.023577      0.074640      1.251622     -1.208294
   4     -1.167394      1.586071      0.062613     -0.636925
 Final Fock matrix:
   1     -1.148429     -1.372553     -0.694433     -0.815335
   2     -1.372553     -0.985916     -0.686649     -0.733417
   3     -0.694433     -0.686649     -0.424615     -0.684461
   4     -0.815335     -0.733417     -0.684461     -0.646077
 Final Fock matrix in orthogonal basis:
   1     -0.387701     -1.176516     -0.291952     -0.161090
   2     -1.176516      0.094357     -0.217130     -0.234723
   3     -0.291952     -0.217130      0.051877     -0.479133
   4     -0.161090     -0.234723     -0.479133     -0.100496
 Final density matrix:
   1      0.356369      0.242642      0.111871      0.009768
   2      0.242642      0.165208      0.076170      0.006651
   3      0.111871      0.076170      0.035119      0.003066
   4      0.009768      0.006651      0.003066      0.000268
